# Scenario 4: real activation on a real sprite. Verified at head d02dd05 (Hub pid 77118, production build).
# Tunnel hostname replaced with <tunnel>. PASEO_PASSWORD and API key secrets never printed.

## Save (POST /api/v1/triggers/install through the tunnel) at 09:12:32Z
yaml: docs/qa/ac-vni/s4-trigger.yml
{"triggerId":"f44f3290-3fe4-42f4-a1e5-a5af9baf587c","name":"qa-acvni-sprite","revisionId":"ac03aa12-fa02-42b7-986b-124899e45c24","version":1,"active":true}
HTTP 201 total 0.223432s

## machines/daemons sampled every 2 s (s4-watch.sh), printed on change
== 09:12:33
4bbb3355-2e72-4782-8ecb-d08b64f23a44 | spawning | trigger-f44f3290-3fe4-42f4-a1e5-a5af9baf587c | {"memoryMb": 8192, "bootstrapHash": "749c8595d3529c732fe227545a1dd850d83d177693870c347ccf9e7f0c32f4c0"} |  | - | -
== 09:12:37
4bbb3355-2e72-4782-8ecb-d08b64f23a44 | spawning | trigger-f44f3290-3fe4-42f4-a1e5-a5af9baf587c | {"memoryMb": 8192, "npmPrefix": "/.sprite/languages/node/nvm/versions/node/v24.18.0", "bootstrapHash": "749c8595d3529c732fe227545a1dd850d83d177693870c347ccf9e7f0c32f4c0"} |  | - | -
== 09:13:00
4bbb3355-2e72-4782-8ecb-d08b64f23a44 | alive | trigger-f44f3290-3fe4-42f4-a1e5-a5af9baf587c | {"memoryMb": 8192, "npmPrefix": "/.sprite/languages/node/nvm/versions/node/v24.18.0", "bootstrapHash": "749c8595d3529c732fe227545a1dd850d83d177693870c347ccf9e7f0c32f4c0"} |  | trigger-f44f3290-3fe4-42f4-a1e5-a5af9baf587c | connected

## Hub log (every activation step, in order)
2026-09-17T09:11:48.442Z INFO database runtime ready: postgres {}
2026-09-17T09:11:48.523Z INFO server started, available at: https://<tunnel> {}
2026-09-17T09:12:32.547Z INFO sprite activation: create {"machineId":"4bbb3355-2e72-4782-8ecb-d08b64f23a44","sprite":"trigger-f44f3290-3fe4-42f4-a1e5-a5af9baf587c"}
2026-09-17T09:12:33.807Z INFO sprite activation: npm prefix {"machineId":"4bbb3355-2e72-4782-8ecb-d08b64f23a44","sprite":"trigger-f44f3290-3fe4-42f4-a1e5-a5af9baf587c"}
2026-09-17T09:12:35.608Z INFO sprite activation: install paseo {"machineId":"4bbb3355-2e72-4782-8ecb-d08b64f23a44","sprite":"trigger-f44f3290-3fe4-42f4-a1e5-a5af9baf587c"}
2026-09-17T09:12:50.141Z INFO sprite activation: bootstrap {"machineId":"4bbb3355-2e72-4782-8ecb-d08b64f23a44","sprite":"trigger-f44f3290-3fe4-42f4-a1e5-a5af9baf587c"}
2026-09-17T09:12:50.440Z INFO sprite activation: daemon service {"machineId":"4bbb3355-2e72-4782-8ecb-d08b64f23a44","sprite":"trigger-f44f3290-3fe4-42f4-a1e5-a5af9baf587c"}
2026-09-17T09:12:55.799Z INFO sprite activation: hub connect {"machineId":"4bbb3355-2e72-4782-8ecb-d08b64f23a44","sprite":"trigger-f44f3290-3fe4-42f4-a1e5-a5af9baf587c"}
2026-09-17T09:12:59.470Z INFO sprite activation: hub connect output {"machineId":"4bbb3355-2e72-4782-8ecb-d08b64f23a44","sprite":"trigger-f44f3290-3fe4-42f4-a1e5-a5af9baf587c","output":"STATE       HUB                                                            DAEMON                                PERMISSIONS  CONNECTED  ERROR  WARNING\nconnecting  https://<tunnel>/  1de0ed8a-2db4-4e1a-950e-42e080fa9866  hub.execute                           \n"}
2026-09-17T09:12:59.470Z INFO sprite activation bootstrapped {"machineId":"4bbb3355-2e72-4782-8ecb-d08b64f23a44"}

## Timing
save 09:12:32.3Z -> first step 09:12:32.547Z -> alive by 09:13:00 sample (enrollment consumed 09:12:59.299Z): ~27 s save-to-alive
create 1.3 s | npm prefix 1.8 s | install paseo 14.5 s | bootstrap 0.3 s | service 5.4 s | hub connect 3.7 s

## Database state after activation (09:13:05Z)
(re-queried at 09:20:56Z; rows for this trigger only; the presence/connected_at reflect the later wake in scenario 5)
                  id                  | status |                                                                                          source                                                                                           |                                                                                   specs                                                                                    |          started_at           | terminated_at 
--------------------------------------+--------+-------------------------------------------------------------------------------------------------------------------------------------------------------------------------------------------+----------------------------------------------------------------------------------------------------------------------------------------------------------------------------+-------------------------------+---------------
 4bbb3355-2e72-4782-8ecb-d08b64f23a44 | alive  | {"kind": "sprite", "apiKeyId": "2efc2ad7-3700-47fd-b4d2-12780a23a64c", "triggerId": "f44f3290-3fe4-42f4-a1e5-a5af9baf587c", "spriteName": "trigger-f44f3290-3fe4-42f4-a1e5-a5af9baf587c"} | {"memoryMb": 8192, "npmPrefix": "/.sprite/languages/node/nvm/versions/node/v24.18.0", "bootstrapHash": "749c8595d3529c732fe227545a1dd850d83d177693870c347ccf9e7f0c32f4c0"} | 2026-09-17 09:12:32.551229+00 | 
(1 row)

              daemon_id               |                     slug                     |              machine_id              |     scopes      | status | presence  |       registered_by_api_key_id       |          created_at           
--------------------------------------+----------------------------------------------+--------------------------------------+-----------------+--------+-----------+--------------------------------------+-------------------------------
 1de0ed8a-2db4-4e1a-950e-42e080fa9866 | trigger-f44f3290-3fe4-42f4-a1e5-a5af9baf587c | 4bbb3355-2e72-4782-8ecb-d08b64f23a44 | ["hub.execute"] | active | connected | 2efc2ad7-3700-47fd-b4d2-12780a23a64c | 2026-09-17 09:12:59.306035+00
(1 row)

                  id                  |                    name                     |      scopes      |          created_at          |         revoked_at         
--------------------------------------+---------------------------------------------+------------------+------------------------------+----------------------------
 2efc2ad7-3700-47fd-b4d2-12780a23a64c | Sprite f44f3290-3fe4-42f4-a1e5-a5af9baf587c | {daemons:enroll} | 2026-09-17 09:12:32.54663+00 | 2026-09-17 09:12:59.299+00
(1 row)

         issued_by_api_key_id         |        consumed_at         |         expires_at         
--------------------------------------+----------------------------+----------------------------
 2efc2ad7-3700-47fd-b4d2-12780a23a64c | 2026-09-17 09:12:59.299+00 | 2026-09-17 09:22:58.438+00
(1 row)

## sprite list (09:13:14Z)
trigger-f44f3290-3fe4-42f4-a1e5-a5af9baf587c

## GET /v1/sprites/trigger-f44f3290-3fe4-42f4-a1e5-a5af9baf587c (09:13:14Z)
{"id":"sprite-98a7d446-ebb2-4697-a067-3e8d50a5359c","name":"trigger-f44f3290-3fe4-42f4-a1e5-a5af9baf587c","status":"running","version":"0.0.1-rc48","url":"https://trigger-f44f3290-3fe4-42f4-a1e5-a5af9baf587c-b223f.sprites.app","url_settings":{"auth":"sprite","private_access":"admins"},"updated_at":"2026-09-17T09:12:33.133319Z","created_at":"2026-09-17T09:12:33.133319Z","organization":"michael-ehrlich","last_running_at":"2026-09-17T09:12:50Z","last_warming_at":null,"environment_version":null}

## GET /v1/sprites/trigger-f44f3290-3fe4-42f4-a1e5-a5af9baf587c/policy/resources
{"memory":{"limit_mb":8192}}

## GET /v1/sprites/trigger-f44f3290-3fe4-42f4-a1e5-a5af9baf587c/services (09:13:14Z), PASEO_PASSWORD redacted
[
  {
    "name": "paseo",
    "cmd": "/.sprite/languages/node/nvm/versions/node/v24.18.0/bin/paseo",
    "args": [
      "start",
      "--foreground",
      "--listen",
      "127.0.0.1:6767",
      "--no-relay",
      "--no-web-ui"
    ],
    "env": {
      "HOME": "/home/sprite",
      "PASEO_HOME": "/home/sprite/.paseo",
      "PASEO_PASSWORD": "[redacted]",
      "PATH": "/.sprite/languages/node/nvm/versions/node/v24.18.0/bin:/usr/local/sbin:/usr/local/bin:/usr/sbin:/usr/bin:/sbin:/bin",
      "QA_LITERAL": "ac-vni-literal"
    },
    "dir": "/home/sprite",
    "needs": [],
    "state": {
      "name": "paseo",
      "status": "running",
      "pid": 734,
      "started_at": "2026-09-17T09:12:50.800400391Z",
      "next_restart_at": "0001-01-01T00:00:00Z"
    }
  }
]

## Inside the sprite (sprite exec at 09:17:15Z)
sprite
  PID USER     COMMAND
    1 sprite   /.pilot/tini -- tail -f /dev/null
    2 sprite   tail -f /dev/null
  734 sprite   node --disable-warning=DEP0040 /.sprite/languages/node/nvm/versions/node/v24.18.0/bin/paseo start --foreground --listen 127.0.0.1:6767 --no-relay --no-web-ui
  742 sprite   Paseo Supervisor
  753 sprite   Paseo Daemon
  765 sprite   /.sprite/languages/node/nvm/versions/node/v24.18.0/bin/node /.sprite/languages/node/nvm/versions/node/v24.18.0/lib/node_modules/@getpaseo/cli/node_modules/@getpaseo/server/dist/server/terminal/terminal-worker-process.js
  794 sprite   head -12
--- /proc/<paseo pid>/environ
PATH=/.sprite/languages/node/nvm/versions/node/v24.18.0/bin:/usr/local/sbin:/usr/local/bin:/usr/sbin:/usr/bin:/sbin:/bin
HOME=/home/sprite
PASEO_HOME=/home/sprite/.paseo
PASEO_PASSWORD=[redacted, non-empty]
QA_LITERAL=ac-vni-literal
--- workspace
b354e70 init
--- paseo on PATH for exec shell?
paseo not on exec PATH
0.8.0
LISTEN 0      511        127.0.0.1:6767       0.0.0.0:*    users:(("Paseo Daemon",pid=753,fd=25))

## Hub Daemons page (dashboard, signed in through the tunnel, 09:14:05Z) accessibility snapshot
- heading "Daemons" [level=1]
- table "Daemons":
  - columnheader: Slug | ID | Status | Access | Last seen | Registered | Actions
  - row: "trigger-f44f3290-3fe4-42f4-a1e5-a5af9baf587c" | "1de0ed8a" | "Connected" | "Hub automations" | 1 minute ago | 1 minute ago

## Second save, unchanged YAML (09:14:10Z)
{"triggerId":"f44f3290-3fe4-42f4-a1e5-a5af9baf587c","name":"qa-acvni-sprite","revisionId":"a48a4b76-bbb1-4438-a0d5-6387c640e975","version":2,"active":true}
HTTP 201
after 8 s: sprite machines=1 live=1; Sprite API keys=1; 'sprite activation: create' lines in Hub log=1; sprite list shows only trigger-f44f3290-3fe4-42f4-a1e5-a5af9baf587c
