$ npm run format:check
All matched files use the correct format.
Finished in 2207ms on 741 files using 15 threads.
exit=0

$ npm run typecheck   # typecheck:node, typecheck:start, typecheck:e2e (tsgo)
> @getpaseo/hub@0.9.0 typecheck:node
> @getpaseo/hub@0.9.0 typecheck:start
> @getpaseo/hub@0.9.0 typecheck:e2e
exit=0

$ npm run lint   # lint:node, lint:start (oxlint)
> @getpaseo/hub@0.9.0 lint:node
Found 0 warnings and 0 errors.
Finished in 3.2s on 453 files with 238 rules using 15 threads.
> @getpaseo/hub@0.9.0 lint:start
Found 0 warnings and 0 errors.
Finished in 3.3s on 578 files with 238 rules using 15 threads.
exit=0

$ npx vitest run src/config src/triggers src/configuration src/workflows src/public-api src/test-utils
 ↓ src/public-api/built-server.integration.test.ts (3 tests | 3 skipped)
 ↓ src/triggers/discord/e2e.real.test.ts (1 test | 1 skipped)

 Test Files  58 passed | 2 skipped (60)
      Tests  531 passed | 4 skipped (535)
   Start at  08:56:22
   Duration  42.10s (transform 1.95s, setup 0ms, collect 7.51s, tests 34.09s, environment 0ms, prepare 46ms)

exit=0

$ RUN_BUILT_PUBLIC_API_TESTS=1 npx vitest run src/public-api/built-server.integration.test.ts   # after npm run build; skipped in the run above
# (a logged DatabaseError is expected: the "internal-error boundary" test renames the projects table on purpose)
 ✓ src/public-api/built-server.integration.test.ts (3 tests) 6421ms
 Test Files  1 passed (1)
      Tests  3 passed (3)
exit=0
